BL51 BANKED LINKER/LOCATER V6.22.2.0                                                    03/15/2022  22:42:28  PAGE 1


BL51 BANKED LINKER/LOCATER V6.22.2.0, INVOKED BY:
C:\KEIL_V5\C51\BIN\BL51.EXE .\Objects\main.obj, .\Objects\lcd.obj, .\Objects\dht.obj, .\Objects\delay.obj, .\Objects\uar
>> t.obj, .\Objects\interrupt.obj, .\Objects\STARTUP.obj, C:\Keil_v5\C51\LIB\C51C.LIB, .\Objects\ADC0804.obj TO .\Object
>> s\Test8051 PRINT (.\Listings\Test8051.m51) RAMSIZE (256)


INPUT MODULES INCLUDED:
  .\Objects\main.obj (MAIN)
  .\Objects\lcd.obj (LCD)
  .\Objects\dht.obj (DHT)
  .\Objects\delay.obj (DELAY)
  .\Objects\uart.obj (UART)
  .\Objects\interrupt.obj (INTERRUPT)
  .\Objects\STARTUP.obj (?C_STARTUP)
  C:\Keil_v5\C51\LIB\C51C.LIB (?C?CLDPTR)
  C:\Keil_v5\C51\LIB\C51C.LIB (?C?CLDOPTR)
  C:\Keil_v5\C51\LIB\C51C.LIB (?C?CSTPTR)
  C:\Keil_v5\C51\LIB\C51C.LIB (?C?CSTOPTR)
  C:\Keil_v5\C51\LIB\C51C.LIB (?C?SIDIV)
  C:\Keil_v5\C51\LIB\C51C.LIB (STRLEN)
  C:\Keil_v5\C51\LIB\C51C.LIB (?C?UIDIV)
  .\Objects\ADC0804.obj (ADC0804)


LINK MAP OF MODULE:  .\Objects\Test8051 (MAIN)


            TYPE    BASE      LENGTH    RELOCATION   SEGMENT NAME
            -----------------------------------------------------

            * * * * * * *   D A T A   M E M O R Y   * * * * * * *
            REG     0000H     0008H     ABSOLUTE     "REG BANK 0"
            DATA    0008H     0024H     UNIT         ?DT?MAIN
            DATA    002CH     0009H     UNIT         ?DT?_ITOA?MAIN
            DATA    0035H     0006H     UNIT         ?DT?_REVERSE?MAIN
            DATA    003BH     0005H     UNIT         ?DT?_LCD_STRING?LCD
            DATA    0040H     0005H     UNIT         ?DT?_LCD_STRING_XY?LCD
            DATA    0045H     0004H     UNIT         ?DT?RECEIVE_DATA?DHT
            DATA    0049H     0004H     UNIT         ?DT?_DELAY_MS?DELAY
            DATA    004DH     0003H     UNIT         ?DT?_UART_WRITE_TEXT?UART
            IDATA   0050H     0001H     UNIT         ?STACK

            * * * * * * *   C O D E   M E M O R Y   * * * * * * *
            CODE    0000H     0003H     ABSOLUTE     
            CODE    0003H     0010H     UNIT         ?PR?ADC0804_READ?ADC0804
            CODE    0013H     0003H     ABSOLUTE     
            CODE    0016H     0105H     UNIT         ?C?LIB_CODE
            CODE    011BH     00A4H     UNIT         ?PR?_ITOA?MAIN
            CODE    01BFH     0097H     UNIT         ?PR?GET_DHT11?MAIN
            CODE    0256H     0070H     UNIT         ?PR?_REVERSE?MAIN
            CODE    02C6H     0045H     UNIT         ?PR?RECEIVE_DATA?DHT
            CODE    030BH     003DH     UNIT         ?PR?EX1_ISR?MAIN
            CODE    0348H     0039H     UNIT         ?PR?_LCD_STRING_XY?LCD
            CODE    0381H     002FH     UNIT         ?PR?GET_GPMY?MAIN
            CODE    03B0H     002BH     UNIT         ?PR?_LCD_STRING?LCD
            CODE    03DBH     0025H     UNIT         ?PR?_UART_WRITE_TEXT?UART
            CODE    0400H     0022H     UNIT         ?PR?_DELAY_MS?DELAY
            CODE    0422H     0020H     UNIT         ?PR?LCD_INIT?LCD
BL51 BANKED LINKER/LOCATER V6.22.2.0                                                  03/15/2022  22:42:28  PAGE 2


            CODE    0442H     001EH     UNIT         ?CO?MAIN
            CODE    0460H     0018H     UNIT         ?PR?_LCD_COMMAND?LCD
            CODE    0478H     0018H     UNIT         ?PR?_LCD_CHAR?LCD
            CODE    0490H     0015H     UNIT         ?PR?_STRLEN?STRLEN
            CODE    04A5H     0014H     UNIT         ?PR?MAIN?MAIN
            CODE    04B9H     0013H     UNIT         ?PR?GET_MQ05?MAIN
            CODE    04CCH     0013H     UNIT         ?PR?TIMER_DELAY01US?DELAY
            CODE    04DFH     0013H     UNIT         ?PR?TIMER_DELAY20MS?DELAY
            CODE    04F2H     0013H     UNIT         ?PR?TIMER_DELAY30US?DELAY
            CODE    0505H     0013H     UNIT         ?PR?TIMER_DELAY280US?DELAY
            CODE    0518H     0013H     UNIT         ?PR?TIMER_DELAY40US?DELAY
            CODE    052BH     0013H     UNIT         ?PR?TIMER_DELAY9680US?DELAY
            CODE    053EH     0011H     UNIT         ?PR?UART_INIT?UART
            CODE    054FH     000CH     UNIT         ?C_C51STARTUP
            CODE    055BH     000AH     UNIT         ?PR?RESPONSE?DHT
            CODE    0565H     0008H     UNIT         ?PR?REQUEST?DHT
            CODE    056DH     0008H     UNIT         ?PR?_UART_WRITE?UART
            CODE    0575H     0007H     UNIT         ?PR?INT_INIT?INTERRUPT
            CODE    057CH     0006H     UNIT         ?PR?UART_DATA_READY?UART
            CODE    0582H     0005H     UNIT         ?PR?UART_READ?UART



SYMBOL TABLE OF MODULE:  .\Objects\Test8051 (MAIN)

  VALUE           TYPE          NAME
  ----------------------------------

  -------         MODULE        MAIN
  C:0256H         SEGMENT       ?PR?_REVERSE?MAIN
  D:0035H         SEGMENT       ?DT?_REVERSE?MAIN
  C:011BH         SEGMENT       ?PR?_ITOA?MAIN
  D:002CH         SEGMENT       ?DT?_ITOA?MAIN
  C:04A5H         SEGMENT       ?PR?MAIN?MAIN
  C:01BFH         SEGMENT       ?PR?GET_DHT11?MAIN
  C:0381H         SEGMENT       ?PR?GET_GPMY?MAIN
  C:04B9H         SEGMENT       ?PR?GET_MQ05?MAIN
  C:030BH         SEGMENT       ?PR?EX1_ISR?MAIN
  C:0442H         SEGMENT       ?CO?MAIN
  D:0008H         SEGMENT       ?DT?MAIN
  D:002AH         PUBLIC        ADC_VALUE_GPMY
  D:000AH         PUBLIC        CHECKSUM
  D:000EH         PUBLIC        DAT
  D:000CH         PUBLIC        DUSTDENSITY
  D:0024H         PUBLIC        D_RH
  D:0022H         PUBLIC        D_TEMP
  C:030BH         PUBLIC        EX1_ISR
  C:01BFH         PUBLIC        GET_DHT11
  C:0381H         PUBLIC        GET_GPMY
  C:04B9H         PUBLIC        GET_MQ05
  D:0028H         PUBLIC        I_RH
  D:0026H         PUBLIC        I_TEMP
  C:04A5H         PUBLIC        MAIN
  D:0008H         PUBLIC        VOLTAGE_GPMY
  C:0121H         PUBLIC        _ITOA
  C:0256H         PUBLIC        _REVERSE
  C:0275H         SYMBOL        ?C0001
BL51 BANKED LINKER/LOCATER V6.22.2.0                                                  03/15/2022  22:42:28  PAGE 3


  C:02C5H         SYMBOL        ?C0003
  C:0142H         SYMBOL        ?C0004
  C:0147H         SYMBOL        ?C0007
  C:01ACH         SYMBOL        ?C0008
  C:04AEH         SYMBOL        ?C0010
  C:021AH         SYMBOL        ?C0013
  C:024FH         SYMBOL        ?C0014
  C:04C4H         SYMBOL        ?C0017
  C:04CBH         SYMBOL        ?C0019
  C:0284H         SYMBOL        ?C0021
  C:02AAH         SYMBOL        ?C0022
  C:02BEH         SYMBOL        ?C0023
  C:0166H         SYMBOL        ?C0024
  C:01A2H         SYMBOL        ?C0025
  C:020AH         SYMBOL        ?C0026
  C:04C8H         SYMBOL        ?C0027
  C:0442H         SYMBOL        ?SC_0
  C:044FH         SYMBOL        ?SC_13
  C:045AH         SYMBOL        ?SC_24
  C:045DH         SYMBOL        ?SC_27
  C:0448H         SYMBOL        ?SC_6
  D:002CH         SYMBOL        ?_ITOA?BYTE
  D:0035H         SYMBOL        ?_REVERSE?BYTE
  B:00D0H.6       SYMBOL        AC
  D:00E0H         SYMBOL        ACC
  B:0090H.3       SYMBOL        ADC0804_CS
  B:0090H.6       SYMBOL        ADC0804_INTR
  B:0090H.4       SYMBOL        ADC0804_RD
  B:0090H.5       SYMBOL        ADC0804_WR
  D:00F0H         SYMBOL        B
  B:00D0H.7       SYMBOL        CY
  B:00B0H.4       SYMBOL        DHT11
  D:0083H         SYMBOL        DPH
  D:0082H         SYMBOL        DPL
  B:00A8H.7       SYMBOL        EA
  B:0090H.0       SYMBOL        EN
  B:00A8H.4       SYMBOL        ES
  B:00A8H.1       SYMBOL        ET0
  B:00A8H.3       SYMBOL        ET1
  B:00A8H.0       SYMBOL        EX0
  B:00A8H.2       SYMBOL        EX1
  B:00D0H.5       SYMBOL        F0
  D:0031H         SYMBOL        I?145
  D:00A8H         SYMBOL        IE
  B:0088H.1       SYMBOL        IE0
  B:0088H.3       SYMBOL        IE1
  B:00B0H.2       SYMBOL        INT0
  B:00B0H.3       SYMBOL        INT1
  B:00B0H.3       SYMBOL        INT_LCD
  D:00B8H         SYMBOL        IP
  B:0088H.0       SYMBOL        IT0
  B:0088H.2       SYMBOL        IT1
  D:0038H         SYMBOL        J?041
  C:011BH         SYMBOL        L?0028
  B:00B0H.6       SYMBOL        LED_GPMY
  B:00B0H.7       SYMBOL        LED_LCD
  B:00B0H.5       SYMBOL        MQ05
BL51 BANKED LINKER/LOCATER V6.22.2.0                                                  03/15/2022  22:42:28  PAGE 4


  D:002CH         SYMBOL        N?143
  B:00D0H.2       SYMBOL        OV
  B:00D0H.0       SYMBOL        P
  D:0080H         SYMBOL        P0
  D:0090H         SYMBOL        P1
  D:00A0H         SYMBOL        P2
  D:00B0H         SYMBOL        P3
  D:0087H         SYMBOL        PCON
  B:00B8H.4       SYMBOL        PS
  D:00D0H         SYMBOL        PSW
  B:00B8H.1       SYMBOL        PT0
  B:00B8H.3       SYMBOL        PT1
  B:00B8H.0       SYMBOL        PX0
  B:00B8H.2       SYMBOL        PX1
  B:0098H.2       SYMBOL        RB8
  B:00B0H.7       SYMBOL        RD
  B:0098H.4       SYMBOL        REN
  B:0098H.0       SYMBOL        RI
  B:0090H.2       SYMBOL        RS
  B:00D0H.3       SYMBOL        RS0
  B:00D0H.4       SYMBOL        RS1
  B:0090H.1       SYMBOL        RW
  B:00B0H.0       SYMBOL        RXD
  D:0035H         SYMBOL        S?040
  D:002EH         SYMBOL        S?144
  D:0099H         SYMBOL        SBUF
  D:0098H         SYMBOL        SCON
  D:0033H         SYMBOL        SIGN?146
  B:0098H.7       SYMBOL        SM0
  B:0098H.6       SYMBOL        SM1
  B:0098H.5       SYMBOL        SM2
  D:0081H         SYMBOL        SP
  B:00B0H.4       SYMBOL        T0
  B:00B0H.5       SYMBOL        T1
  B:0098H.3       SYMBOL        TB8
  D:0088H         SYMBOL        TCON
  B:0088H.5       SYMBOL        TF0
  B:0088H.7       SYMBOL        TF1
  D:008CH         SYMBOL        TH0
  D:008DH         SYMBOL        TH1
  B:0098H.1       SYMBOL        TI
  D:008AH         SYMBOL        TL0
  D:008BH         SYMBOL        TL1
  D:0089H         SYMBOL        TMOD
  B:0088H.4       SYMBOL        TR0
  B:0088H.6       SYMBOL        TR1
  B:00B0H.1       SYMBOL        TXD
  B:00B0H.0       SYMBOL        UART_RX
  B:00B0H.1       SYMBOL        UART_TX
  B:00B0H.6       SYMBOL        WR
  C:0256H         LINE#         209
  C:0258H         LINE#         210
  C:025AH         LINE#         211
  C:025CH         LINE#         217
  C:025FH         LINE#         218
  C:0261H         LINE#         219
  C:0262H         LINE#         220
BL51 BANKED LINKER/LOCATER V6.22.2.0                                                  03/15/2022  22:42:28  PAGE 5


  C:0263H         LINE#         221
  C:0265H         LINE#         222
  C:0266H         LINE#         223
  C:0267H         LINE#         224
  C:0268H         LINE#         225
  C:026AH         LINE#         226
  C:026BH         LINE#         227
  C:026CH         LINE#         228
  C:026EH         LINE#         229
  C:0271H         LINE#         230
  C:0273H         LINE#         231
  C:0275H         LINE#         235
  C:0276H         LINE#         236
  C:0279H         LINE#         237
  C:027CH         LINE#         238
  C:027EH         LINE#         239
  C:0280H         LINE#         240
  C:0282H         LINE#         241
  C:0284H         LINE#         243
  C:0286H         LINE#         246
  C:0288H         LINE#         247
  C:028AH         LINE#         248
  C:028CH         LINE#         249
  C:028FH         LINE#         250
  C:0290H         LINE#         251
  C:0291H         LINE#         252
  C:0293H         LINE#         253
  C:0294H         LINE#         257
  C:0296H         LINE#         258
  C:0298H         LINE#         259
  C:029AH         LINE#         260
  C:029DH         LINE#         261
  C:029EH         LINE#         262
  C:02A0H         LINE#         263
  C:02A2H         LINE#         264
  C:02A4H         LINE#         265
  C:02A6H         LINE#         266
  C:02A8H         LINE#         267
  C:02AAH         LINE#         269
  C:02ABH         LINE#         270
  C:02ACH         LINE#         271
  C:02ADH         LINE#         272
  C:02B0H         LINE#         275
  C:02B2H         LINE#         276
  C:02B4H         LINE#         277
  C:02B6H         LINE#         278
  C:02B8H         LINE#         279
  C:02BAH         LINE#         280
  C:02BCH         LINE#         281
  C:02BEH         LINE#         283
  C:02BFH         LINE#         284
  C:02C0H         LINE#         285
  C:02C3H         LINE#         288
  C:02C5H         LINE#         292
  C:011BH         LINE#         301
  C:011DH         LINE#         302
  C:011FH         LINE#         303
BL51 BANKED LINKER/LOCATER V6.22.2.0                                                  03/15/2022  22:42:28  PAGE 6


  C:0121H         LINE#         307
  C:0123H         LINE#         308
  C:0125H         LINE#         309
  C:0127H         LINE#         310
  C:0129H         LINE#         311
  C:012BH         LINE#         316
  C:012DH         LINE#         317
  C:012FH         LINE#         318
  C:0130H         LINE#         319
  C:0131H         LINE#         320
  C:0133H         LINE#         321
  C:0135H         LINE#         322
  C:0137H         LINE#         325
  C:0138H         LINE#         326
  C:0139H         LINE#         327
  C:013BH         LINE#         328
  C:013DH         LINE#         329
  C:013EH         LINE#         330
  C:0140H         LINE#         331
  C:0142H         LINE#         335
  C:0143H         LINE#         336
  C:0145H         LINE#         337
  C:0147H         LINE#         343
  C:0149H         LINE#         344
  C:014BH         LINE#         345
  C:014DH         LINE#         346
  C:014FH         LINE#         347
  C:0152H         LINE#         348
  C:0153H         LINE#         349
  C:0155H         LINE#         350
  C:0156H         LINE#         351
  C:0158H         LINE#         352
  C:015AH         LINE#         353
  C:015CH         LINE#         354
  C:015EH         LINE#         355
  C:0160H         LINE#         356
  C:0162H         LINE#         357
  C:0164H         LINE#         358
  C:0166H         LINE#         360
  C:0167H         LINE#         361
  C:0169H         LINE#         362
  C:016BH         LINE#         363
  C:016CH         LINE#         364
  C:016FH         LINE#         367
  C:0171H         LINE#         368
  C:0173H         LINE#         369
  C:0175H         LINE#         370
  C:0177H         LINE#         371
  C:017AH         LINE#         372
  C:017CH         LINE#         373
  C:017EH         LINE#         374
  C:017FH         LINE#         375
  C:0180H         LINE#         376
  C:0182H         LINE#         377
  C:0183H         LINE#         378
  C:0185H         LINE#         379
  C:0187H         LINE#         380
BL51 BANKED LINKER/LOCATER V6.22.2.0                                                  03/15/2022  22:42:28  PAGE 7


  C:0189H         LINE#         383
  C:018AH         LINE#         384
  C:018CH         LINE#         385
  C:018EH         LINE#         386
  C:0190H         LINE#         387
  C:0192H         LINE#         390
  C:0194H         LINE#         391
  C:0196H         LINE#         392
  C:0198H         LINE#         393
  C:019AH         LINE#         394
  C:019CH         LINE#         395
  C:019EH         LINE#         396
  C:01A0H         LINE#         397
  C:01A2H         LINE#         399
  C:01A3H         LINE#         400
  C:01A5H         LINE#         401
  C:01A7H         LINE#         402
  C:01A9H         LINE#         403
  C:01ACH         LINE#         407
  C:01AEH         LINE#         408
  C:01B0H         LINE#         409
  C:01B2H         LINE#         410
  C:01B5H         LINE#         411
  C:01B8H         LINE#         412
  C:01B9H         LINE#         413
  C:01BCH         LINE#         416
  C:04A5H         LINE#         429
  C:04A8H         LINE#         432
  C:04ABH         LINE#         435
  C:04AEH         LINE#         442
  C:04B1H         LINE#         445
  C:04B4H         LINE#         448
  C:04B7H         LINE#         451
  C:01BFH         LINE#         464
  C:01C2H         LINE#         467
  C:01C5H         LINE#         471
  C:01C8H         LINE#         472
  C:01CAH         LINE#         473
  C:01CCH         LINE#         476
  C:01CFH         LINE#         477
  C:01D1H         LINE#         478
  C:01D3H         LINE#         481
  C:01D6H         LINE#         482
  C:01D8H         LINE#         483
  C:01DAH         LINE#         486
  C:01DDH         LINE#         487
  C:01DFH         LINE#         488
  C:01E1H         LINE#         491
  C:01E4H         LINE#         492
  C:01E6H         LINE#         493
  C:01E8H         LINE#         497
  C:01EAH         LINE#         498
  C:01ECH         LINE#         499
  C:01EDH         LINE#         500
  C:01EFH         LINE#         501
  C:01F1H         LINE#         502
  C:01F2H         LINE#         503
BL51 BANKED LINKER/LOCATER V6.22.2.0                                                  03/15/2022  22:42:28  PAGE 8


  C:01F4H         LINE#         504
  C:01F5H         LINE#         505
  C:01F6H         LINE#         506
  C:01F8H         LINE#         507
  C:01F9H         LINE#         508
  C:01FAH         LINE#         509
  C:01FCH         LINE#         510
  C:01FDH         LINE#         511
  C:01FEH         LINE#         512
  C:0200H         LINE#         513
  C:0201H         LINE#         514
  C:0202H         LINE#         515
  C:0203H         LINE#         516
  C:0205H         LINE#         517
  C:0207H         LINE#         518
  C:0208H         LINE#         519
  C:020AH         LINE#         521
  C:020CH         LINE#         524
  C:020EH         LINE#         525
  C:0210H         LINE#         526
  C:0212H         LINE#         527
  C:0213H         LINE#         528
  C:0214H         LINE#         529
  C:0215H         LINE#         530
  C:0218H         LINE#         533
  C:021AH         LINE#         539
  C:021CH         LINE#         540
  C:021EH         LINE#         541
  C:0221H         LINE#         544
  C:0223H         LINE#         545
  C:0225H         LINE#         546
  C:0227H         LINE#         547
  C:0228H         LINE#         548
  C:0229H         LINE#         549
  C:022AH         LINE#         550
  C:022DH         LINE#         553
  C:022FH         LINE#         554
  C:0231H         LINE#         555
  C:0233H         LINE#         556
  C:0236H         LINE#         559
  C:0238H         LINE#         560
  C:023AH         LINE#         561
  C:023DH         LINE#         564
  C:023FH         LINE#         565
  C:0241H         LINE#         566
  C:0243H         LINE#         567
  C:0246H         LINE#         570
  C:0248H         LINE#         571
  C:024AH         LINE#         572
  C:024CH         LINE#         573
  C:024FH         LINE#         579
  C:0251H         LINE#         580
  C:0253H         LINE#         581
  C:0381H         LINE#         594
  C:0383H         LINE#         597
  C:0386H         LINE#         600
  C:0389H         LINE#         601
BL51 BANKED LINKER/LOCATER V6.22.2.0                                                  03/15/2022  22:42:28  PAGE 9


  C:038CH         LINE#         602
  C:038EH         LINE#         605
  C:0391H         LINE#         608
  C:0393H         LINE#         611
  C:0396H         LINE#         615
  C:0398H         LINE#         616
  C:039AH         LINE#         617
  C:039CH         LINE#         618
  C:039EH         LINE#         619
  C:03A0H         LINE#         620
  C:03A3H         LINE#         623
  C:03A5H         LINE#         624
  C:03A7H         LINE#         625
  C:03A9H         LINE#         626
  C:03AAH         LINE#         627
  C:03ABH         LINE#         628
  C:03ADH         LINE#         629
  C:04B9H         LINE#         643
  C:04BBH         LINE#         644
  C:04BEH         LINE#         645
  C:04C0H         LINE#         646
  C:04C2H         LINE#         647
  C:04C4H         LINE#         651
  C:04C6H         LINE#         652
  C:04C8H         LINE#         654
  C:04CBH         LINE#         658
  C:0013H         LINE#         662
  C:030BH         LINE#         670
  C:030DH         LINE#         671
  C:030FH         LINE#         672
  C:0311H         LINE#         673
  C:0313H         LINE#         674
  C:0315H         LINE#         675
  C:0318H         LINE#         676
  C:031AH         LINE#         677
  C:031CH         LINE#         678
  C:031EH         LINE#         679
  C:0320H         LINE#         680
  C:0322H         LINE#         681
  C:0324H         LINE#         682
  C:0326H         LINE#         683
  C:0328H         LINE#         688
  C:032BH         LINE#         691
  C:032DH         LINE#         693
  C:032FH         LINE#         694
  C:0331H         LINE#         695
  C:0333H         LINE#         696
  C:0335H         LINE#         697
  C:0337H         LINE#         698
  C:0339H         LINE#         699
  C:033BH         LINE#         700
  C:033DH         LINE#         701
  C:033FH         LINE#         702
  C:0341H         LINE#         703
  C:0343H         LINE#         704
  C:0345H         LINE#         705
  C:0347H         LINE#         706
BL51 BANKED LINKER/LOCATER V6.22.2.0                                                  03/15/2022  22:42:28  PAGE 10


  -------         ENDMOD        MAIN

  -------         MODULE        LCD
  C:0460H         SEGMENT       ?PR?_LCD_COMMAND?LCD
  C:0478H         SEGMENT       ?PR?_LCD_CHAR?LCD
  C:03B0H         SEGMENT       ?PR?_LCD_STRING?LCD
  D:003BH         SEGMENT       ?DT?_LCD_STRING?LCD
  C:0348H         SEGMENT       ?PR?_LCD_STRING_XY?LCD
  D:0040H         SEGMENT       ?DT?_LCD_STRING_XY?LCD
  C:0422H         SEGMENT       ?PR?LCD_INIT?LCD
  C:0422H         PUBLIC        LCD_INIT
  C:0478H         PUBLIC        _LCD_CHAR
  C:0460H         PUBLIC        _LCD_COMMAND
  C:03B0H         PUBLIC        _LCD_STRING
  C:0348H         PUBLIC        _LCD_STRING_XY
  C:03BBH         SYMBOL        ?C0003
  C:03DAH         SYMBOL        ?C0006
  C:0361H         SYMBOL        ?C0007
  C:0378H         SYMBOL        ?C0008
  C:03D8H         SYMBOL        ?C0012
  C:0374H         SYMBOL        ?C0013
  D:003BH         SYMBOL        ?_LCD_STRING?BYTE
  D:0040H         SYMBOL        ?_LCD_STRING_XY?BYTE
  B:00D0H.6       SYMBOL        AC
  D:00E0H         SYMBOL        ACC
  B:0090H.3       SYMBOL        ADC0804_CS
  B:0090H.6       SYMBOL        ADC0804_INTR
  B:0090H.4       SYMBOL        ADC0804_RD
  B:0090H.5       SYMBOL        ADC0804_WR
  D:00F0H         SYMBOL        B
  B:00D0H.7       SYMBOL        CY
  B:00B0H.4       SYMBOL        DHT11
  D:0083H         SYMBOL        DPH
  D:0082H         SYMBOL        DPL
  B:00A8H.7       SYMBOL        EA
  B:0090H.0       SYMBOL        EN
  B:00A8H.4       SYMBOL        ES
  B:00A8H.1       SYMBOL        ET0
  B:00A8H.3       SYMBOL        ET1
  B:00A8H.0       SYMBOL        EX0
  B:00A8H.2       SYMBOL        EX1
  B:00D0H.5       SYMBOL        F0
  D:003EH         SYMBOL        I?243
  D:00A8H         SYMBOL        IE
  B:0088H.1       SYMBOL        IE0
  B:0088H.3       SYMBOL        IE1
  B:00B0H.2       SYMBOL        INT0
  B:00B0H.3       SYMBOL        INT1
  B:00B0H.3       SYMBOL        INT_LCD
  D:00B8H         SYMBOL        IP
  B:0088H.0       SYMBOL        IT0
  B:0088H.2       SYMBOL        IT1
  N:0000H         SYMBOL        LCD
  B:00B0H.6       SYMBOL        LED_GPMY
  B:00B0H.7       SYMBOL        LED_LCD
  B:00B0H.5       SYMBOL        MQ05
  B:00D0H.2       SYMBOL        OV
BL51 BANKED LINKER/LOCATER V6.22.2.0                                                  03/15/2022  22:42:28  PAGE 11


  B:00D0H.0       SYMBOL        P
  D:0080H         SYMBOL        P0
  D:0090H         SYMBOL        P1
  D:00A0H         SYMBOL        P2
  D:00B0H         SYMBOL        P3
  D:0087H         SYMBOL        PCON
  D:0041H         SYMBOL        POS?345
  B:00B8H.4       SYMBOL        PS
  D:00D0H         SYMBOL        PSW
  B:00B8H.1       SYMBOL        PT0
  B:00B8H.3       SYMBOL        PT1
  B:00B8H.0       SYMBOL        PX0
  B:00B8H.2       SYMBOL        PX1
  B:0098H.2       SYMBOL        RB8
  B:00B0H.7       SYMBOL        RD
  B:0098H.4       SYMBOL        REN
  B:0098H.0       SYMBOL        RI
  D:0040H         SYMBOL        ROW?344
  B:0090H.2       SYMBOL        RS
  B:00D0H.3       SYMBOL        RS0
  B:00D0H.4       SYMBOL        RS1
  B:0090H.1       SYMBOL        RW
  B:00B0H.0       SYMBOL        RXD
  D:0099H         SYMBOL        SBUF
  D:0098H         SYMBOL        SCON
  B:0098H.7       SYMBOL        SM0
  B:0098H.6       SYMBOL        SM1
  B:0098H.5       SYMBOL        SM2
  D:0081H         SYMBOL        SP
  D:003BH         SYMBOL        STR?242
  D:0042H         SYMBOL        STR?346
  B:00B0H.4       SYMBOL        T0
  B:00B0H.5       SYMBOL        T1
  B:0098H.3       SYMBOL        TB8
  D:0088H         SYMBOL        TCON
  B:0088H.5       SYMBOL        TF0
  B:0088H.7       SYMBOL        TF1
  D:008CH         SYMBOL        TH0
  D:008DH         SYMBOL        TH1
  B:0098H.1       SYMBOL        TI
  D:008AH         SYMBOL        TL0
  D:008BH         SYMBOL        TL1
  D:0089H         SYMBOL        TMOD
  B:0088H.4       SYMBOL        TR0
  B:0088H.6       SYMBOL        TR1
  B:00B0H.1       SYMBOL        TXD
  B:00B0H.0       SYMBOL        UART_RX
  B:00B0H.1       SYMBOL        UART_TX
  B:00B0H.6       SYMBOL        WR
  C:0460H         LINE#         131
  C:0462H         LINE#         134
  C:0464H         LINE#         137
  C:0466H         LINE#         140
  C:0468H         LINE#         143
  C:046AH         LINE#         144
  C:046CH         LINE#         145
  C:046FH         LINE#         148
BL51 BANKED LINKER/LOCATER V6.22.2.0                                                  03/15/2022  22:42:28  PAGE 12


  C:0471H         LINE#         151
  C:0473H         LINE#         152
  C:0475H         LINE#         153
  C:0478H         LINE#         169
  C:047AH         LINE#         172
  C:047CH         LINE#         175
  C:047EH         LINE#         178
  C:0480H         LINE#         181
  C:0482H         LINE#         182
  C:0484H         LINE#         183
  C:0487H         LINE#         186
  C:0489H         LINE#         189
  C:048BH         LINE#         190
  C:048DH         LINE#         191
  C:03B0H         LINE#         202
  C:03B2H         LINE#         203
  C:03B4H         LINE#         204
  C:03B6H         LINE#         210
  C:03B7H         LINE#         211
  C:03B9H         LINE#         212
  C:03BBH         LINE#         214
  C:03BDH         LINE#         215
  C:03BFH         LINE#         216
  C:03C1H         LINE#         217
  C:03C4H         LINE#         218
  C:03C7H         LINE#         219
  C:03CAH         LINE#         220
  C:03CBH         LINE#         221
  C:03CDH         LINE#         226
  C:03D0H         LINE#         229
  C:03D2H         LINE#         230
  C:03D4H         LINE#         231
  C:03D6H         LINE#         232
  C:03D8H         LINE#         234
  C:03DAH         LINE#         238
  C:0348H         LINE#         248
  C:034AH         LINE#         249
  C:034CH         LINE#         250
  C:034EH         LINE#         251
  C:0350H         LINE#         252
  C:0352H         LINE#         257
  C:0353H         LINE#         258
  C:0354H         LINE#         259
  C:0356H         LINE#         260
  C:0357H         LINE#         261
  C:0359H         LINE#         264
  C:035BH         LINE#         265
  C:035DH         LINE#         266
  C:035FH         LINE#         267
  C:0361H         LINE#         271
  C:0363H         LINE#         272
  C:0364H         LINE#         273
  C:0365H         LINE#         274
  C:0367H         LINE#         275
  C:0368H         LINE#         276
  C:0369H         LINE#         277
  C:036BH         LINE#         278
BL51 BANKED LINKER/LOCATER V6.22.2.0                                                  03/15/2022  22:42:28  PAGE 13


  C:036CH         LINE#         279
  C:036EH         LINE#         282
  C:0370H         LINE#         283
  C:0372H         LINE#         284
  C:0374H         LINE#         286
  C:0375H         LINE#         287
  C:0378H         LINE#         291
  C:037AH         LINE#         292
  C:037CH         LINE#         293
  C:037EH         LINE#         294
  C:0422H         LINE#         309
  C:0424H         LINE#         310
  C:0426H         LINE#         311
  C:0429H         LINE#         314
  C:042BH         LINE#         315
  C:042EH         LINE#         318
  C:0430H         LINE#         319
  C:0433H         LINE#         322
  C:0435H         LINE#         323
  C:0438H         LINE#         326
  C:043AH         LINE#         327
  C:043DH         LINE#         330
  C:043FH         LINE#         331
  -------         ENDMOD        LCD

  -------         MODULE        DHT
  C:0565H         SEGMENT       ?PR?REQUEST?DHT
  C:055BH         SEGMENT       ?PR?RESPONSE?DHT
  C:02C6H         SEGMENT       ?PR?RECEIVE_DATA?DHT
  D:0045H         SEGMENT       ?DT?RECEIVE_DATA?DHT
  C:02C6H         PUBLIC        RECEIVE_DATA
  C:0565H         PUBLIC        REQUEST
  C:055BH         PUBLIC        RESPONSE
  C:055BH         SYMBOL        ?C0002
  C:055EH         SYMBOL        ?C0004
  C:0561H         SYMBOL        ?C0006
  C:02CFH         SYMBOL        ?C0009
  C:0306H         SYMBOL        ?C0010
  C:02CFH         SYMBOL        ?C0012
  C:02E9H         SYMBOL        ?C0014
  C:02F0H         SYMBOL        ?C0016
  C:02FBH         SYMBOL        ?C0019
  D:0045H         SYMBOL        ?RECEIVE_DATA?BYTE
  B:00D0H.6       SYMBOL        AC
  D:00E0H         SYMBOL        ACC
  B:0090H.3       SYMBOL        ADC0804_CS
  B:0090H.6       SYMBOL        ADC0804_INTR
  B:0090H.4       SYMBOL        ADC0804_RD
  B:0090H.5       SYMBOL        ADC0804_WR
  D:00F0H         SYMBOL        B
  D:0047H         SYMBOL        C?241
  B:00D0H.7       SYMBOL        CY
  N:0000H         SYMBOL        DHT
  B:00B0H.4       SYMBOL        DHT11
  D:0083H         SYMBOL        DPH
  D:0082H         SYMBOL        DPL
  B:00A8H.7       SYMBOL        EA
BL51 BANKED LINKER/LOCATER V6.22.2.0                                                  03/15/2022  22:42:28  PAGE 14


  B:0090H.0       SYMBOL        EN
  B:00A8H.4       SYMBOL        ES
  B:00A8H.1       SYMBOL        ET0
  B:00A8H.3       SYMBOL        ET1
  B:00A8H.0       SYMBOL        EX0
  B:00A8H.2       SYMBOL        EX1
  B:00D0H.5       SYMBOL        F0
  D:00A8H         SYMBOL        IE
  B:0088H.1       SYMBOL        IE0
  B:0088H.3       SYMBOL        IE1
  B:00B0H.2       SYMBOL        INT0
  B:00B0H.3       SYMBOL        INT1
  B:00B0H.3       SYMBOL        INT_LCD
  D:00B8H         SYMBOL        IP
  B:0088H.0       SYMBOL        IT0
  B:0088H.2       SYMBOL        IT1
  B:00B0H.6       SYMBOL        LED_GPMY
  B:00B0H.7       SYMBOL        LED_LCD
  B:00B0H.5       SYMBOL        MQ05
  B:00D0H.2       SYMBOL        OV
  B:00D0H.0       SYMBOL        P
  D:0080H         SYMBOL        P0
  D:0090H         SYMBOL        P1
  D:00A0H         SYMBOL        P2
  D:00B0H         SYMBOL        P3
  D:0087H         SYMBOL        PCON
  B:00B8H.4       SYMBOL        PS
  D:00D0H         SYMBOL        PSW
  B:00B8H.1       SYMBOL        PT0
  B:00B8H.3       SYMBOL        PT1
  B:00B8H.0       SYMBOL        PX0
  B:00B8H.2       SYMBOL        PX1
  D:0045H         SYMBOL        Q?240
  B:0098H.2       SYMBOL        RB8
  B:00B0H.7       SYMBOL        RD
  B:0098H.4       SYMBOL        REN
  B:0098H.0       SYMBOL        RI
  B:0090H.2       SYMBOL        RS
  B:00D0H.3       SYMBOL        RS0
  B:00D0H.4       SYMBOL        RS1
  B:0090H.1       SYMBOL        RW
  B:00B0H.0       SYMBOL        RXD
  D:0099H         SYMBOL        SBUF
  D:0098H         SYMBOL        SCON
  B:0098H.7       SYMBOL        SM0
  B:0098H.6       SYMBOL        SM1
  B:0098H.5       SYMBOL        SM2
  D:0081H         SYMBOL        SP
  B:00B0H.4       SYMBOL        T0
  B:00B0H.5       SYMBOL        T1
  B:0098H.3       SYMBOL        TB8
  D:0088H         SYMBOL        TCON
  B:0088H.5       SYMBOL        TF0
  B:0088H.7       SYMBOL        TF1
  D:008CH         SYMBOL        TH0
  D:008DH         SYMBOL        TH1
  B:0098H.1       SYMBOL        TI
BL51 BANKED LINKER/LOCATER V6.22.2.0                                                  03/15/2022  22:42:28  PAGE 15


  D:008AH         SYMBOL        TL0
  D:008BH         SYMBOL        TL1
  D:0089H         SYMBOL        TMOD
  B:0088H.4       SYMBOL        TR0
  B:0088H.6       SYMBOL        TR1
  B:00B0H.1       SYMBOL        TXD
  B:00B0H.0       SYMBOL        UART_RX
  B:00B0H.1       SYMBOL        UART_TX
  B:00B0H.6       SYMBOL        WR
  C:0565H         LINE#         117
  C:0567H         LINE#         120
  C:056AH         LINE#         123
  C:056CH         LINE#         126
  C:055BH         LINE#         140
  C:055EH         LINE#         144
  C:0561H         LINE#         148
  C:0564H         LINE#         151
  C:02C6H         LINE#         165
  C:02C7H         LINE#         166
  C:02C9H         LINE#         167
  C:02CBH         LINE#         170
  C:02CDH         LINE#         171
  C:02CFH         LINE#         178
  C:02D2H         LINE#         181
  C:02D5H         LINE#         184
  C:02D7H         LINE#         185
  C:02D9H         LINE#         186
  C:02DCH         LINE#         189
  C:02DDH         LINE#         190
  C:02DFH         LINE#         191
  C:02E0H         LINE#         192
  C:02E2H         LINE#         193
  C:02E3H         LINE#         194
  C:02E5H         LINE#         195
  C:02E7H         LINE#         196
  C:02E9H         LINE#         201
  C:02EBH         LINE#         202
  C:02EDH         LINE#         203
  C:02EEH         LINE#         204
  C:02F0H         LINE#         208
  C:02F3H         LINE#         211
  C:02F5H         LINE#         212
  C:02F7H         LINE#         213
  C:02F9H         LINE#         214
  C:02FBH         LINE#         216
  C:02FCH         LINE#         217
  C:02FEH         LINE#         218
  C:0300H         LINE#         219
  C:0302H         LINE#         220
  C:0304H         LINE#         221
  C:0306H         LINE#         225
  C:0308H         LINE#         226
  C:030AH         LINE#         228
  -------         ENDMOD        DHT

  -------         MODULE        DELAY
  C:0400H         SEGMENT       ?PR?_DELAY_MS?DELAY
BL51 BANKED LINKER/LOCATER V6.22.2.0                                                  03/15/2022  22:42:28  PAGE 16


  D:0049H         SEGMENT       ?DT?_DELAY_MS?DELAY
  C:04CCH         SEGMENT       ?PR?TIMER_DELAY01US?DELAY
  C:04DFH         SEGMENT       ?PR?TIMER_DELAY20MS?DELAY
  C:04F2H         SEGMENT       ?PR?TIMER_DELAY30US?DELAY
  C:0505H         SEGMENT       ?PR?TIMER_DELAY280US?DELAY
  C:0518H         SEGMENT       ?PR?TIMER_DELAY40US?DELAY
  C:052BH         SEGMENT       ?PR?TIMER_DELAY9680US?DELAY
  C:04CCH         PUBLIC        TIMER_DELAY01US
  C:04DFH         PUBLIC        TIMER_DELAY20MS
  C:0505H         PUBLIC        TIMER_DELAY280US
  C:04F2H         PUBLIC        TIMER_DELAY30US
  C:0518H         PUBLIC        TIMER_DELAY40US
  C:052BH         PUBLIC        TIMER_DELAY9680US
  C:0400H         PUBLIC        _DELAY_MS
  C:0409H         SYMBOL        ?C0001
  C:0421H         SYMBOL        ?C0004
  C:041FH         SYMBOL        ?C0011
  D:0049H         SYMBOL        ?_DELAY_MS?BYTE
  B:00D0H.6       SYMBOL        AC
  D:00E0H         SYMBOL        ACC
  D:00F0H         SYMBOL        B
  D:0049H         SYMBOL        COUNT?040
  B:00D0H.7       SYMBOL        CY
  N:0000H         SYMBOL        DELAY
  D:0083H         SYMBOL        DPH
  D:0082H         SYMBOL        DPL
  B:00A8H.7       SYMBOL        EA
  B:00A8H.4       SYMBOL        ES
  B:00A8H.1       SYMBOL        ET0
  B:00A8H.3       SYMBOL        ET1
  B:00A8H.0       SYMBOL        EX0
  B:00A8H.2       SYMBOL        EX1
  B:00D0H.5       SYMBOL        F0
  D:004BH         SYMBOL        I?041
  D:00A8H         SYMBOL        IE
  B:0088H.1       SYMBOL        IE0
  B:0088H.3       SYMBOL        IE1
  B:00B0H.2       SYMBOL        INT0
  B:00B0H.3       SYMBOL        INT1
  D:00B8H         SYMBOL        IP
  B:0088H.0       SYMBOL        IT0
  B:0088H.2       SYMBOL        IT1
  B:00D0H.2       SYMBOL        OV
  B:00D0H.0       SYMBOL        P
  D:0080H         SYMBOL        P0
  D:0090H         SYMBOL        P1
  D:00A0H         SYMBOL        P2
  D:00B0H         SYMBOL        P3
  D:0087H         SYMBOL        PCON
  B:00B8H.4       SYMBOL        PS
  D:00D0H         SYMBOL        PSW
  B:00B8H.1       SYMBOL        PT0
  B:00B8H.3       SYMBOL        PT1
  B:00B8H.0       SYMBOL        PX0
  B:00B8H.2       SYMBOL        PX1
  B:0098H.2       SYMBOL        RB8
  B:00B0H.7       SYMBOL        RD
BL51 BANKED LINKER/LOCATER V6.22.2.0                                                  03/15/2022  22:42:28  PAGE 17


  B:0098H.4       SYMBOL        REN
  B:0098H.0       SYMBOL        RI
  B:00D0H.3       SYMBOL        RS0
  B:00D0H.4       SYMBOL        RS1
  B:00B0H.0       SYMBOL        RXD
  D:0099H         SYMBOL        SBUF
  D:0098H         SYMBOL        SCON
  B:0098H.7       SYMBOL        SM0
  B:0098H.6       SYMBOL        SM1
  B:0098H.5       SYMBOL        SM2
  D:0081H         SYMBOL        SP
  B:00B0H.4       SYMBOL        T0
  B:00B0H.5       SYMBOL        T1
  B:0098H.3       SYMBOL        TB8
  D:0088H         SYMBOL        TCON
  B:0088H.5       SYMBOL        TF0
  B:0088H.7       SYMBOL        TF1
  D:008CH         SYMBOL        TH0
  D:008DH         SYMBOL        TH1
  B:0098H.1       SYMBOL        TI
  D:008AH         SYMBOL        TL0
  D:008BH         SYMBOL        TL1
  D:0089H         SYMBOL        TMOD
  B:0088H.4       SYMBOL        TR0
  B:0088H.6       SYMBOL        TR1
  B:00B0H.1       SYMBOL        TXD
  B:00B0H.6       SYMBOL        WR
  C:0400H         LINE#         104
  C:0402H         LINE#         105
  C:0404H         LINE#         111
  C:0405H         LINE#         112
  C:0407H         LINE#         113
  C:0409H         LINE#         115
  C:040AH         LINE#         116
  C:040CH         LINE#         117
  C:040EH         LINE#         118
  C:0410H         LINE#         119
  C:0412H         LINE#         120
  C:0414H         LINE#         125
  C:0417H         LINE#         128
  C:0419H         LINE#         129
  C:041BH         LINE#         130
  C:041DH         LINE#         131
  C:041FH         LINE#         133
  C:0421H         LINE#         137
  C:04CCH         LINE#         160
  C:04CFH         LINE#         162
  C:04D2H         LINE#         164
  C:04D5H         LINE#         166
  C:04D7H         LINE#         168
  C:04DAH         LINE#         170
  C:04DCH         LINE#         172
  C:04DEH         LINE#         176
  C:04DFH         LINE#         199
  C:04E2H         LINE#         201
  C:04E5H         LINE#         203
  C:04E8H         LINE#         205
BL51 BANKED LINKER/LOCATER V6.22.2.0                                                  03/15/2022  22:42:28  PAGE 18


  C:04EAH         LINE#         207
  C:04EDH         LINE#         209
  C:04EFH         LINE#         211
  C:04F1H         LINE#         215
  C:04F2H         LINE#         236
  C:04F5H         LINE#         238
  C:04F8H         LINE#         240
  C:04FBH         LINE#         242
  C:04FDH         LINE#         244
  C:0500H         LINE#         246
  C:0502H         LINE#         248
  C:0504H         LINE#         252
  C:0505H         LINE#         266
  C:0508H         LINE#         268
  C:050BH         LINE#         270
  C:050EH         LINE#         272
  C:0510H         LINE#         274
  C:0513H         LINE#         276
  C:0515H         LINE#         278
  C:0517H         LINE#         282
  C:0518H         LINE#         297
  C:051BH         LINE#         299
  C:051EH         LINE#         301
  C:0521H         LINE#         303
  C:0523H         LINE#         305
  C:0526H         LINE#         307
  C:0528H         LINE#         309
  C:052AH         LINE#         313
  C:052BH         LINE#         328
  C:052EH         LINE#         330
  C:0531H         LINE#         332
  C:0534H         LINE#         334
  C:0536H         LINE#         336
  C:0539H         LINE#         338
  C:053BH         LINE#         340
  C:053DH         LINE#         343
  -------         ENDMOD        DELAY

  -------         MODULE        UART
  C:053EH         SEGMENT       ?PR?UART_INIT?UART
  C:056DH         SEGMENT       ?PR?_UART_WRITE?UART
  C:03DBH         SEGMENT       ?PR?_UART_WRITE_TEXT?UART
  D:004DH         SEGMENT       ?DT?_UART_WRITE_TEXT?UART
  C:057CH         SEGMENT       ?PR?UART_DATA_READY?UART
  C:0582H         SEGMENT       ?PR?UART_READ?UART
  C:057CH         PUBLIC        UART_DATA_READY
  C:053EH         PUBLIC        UART_INIT
  C:0582H         PUBLIC        UART_READ
  C:056DH         PUBLIC        _UART_WRITE
  C:03DBH         PUBLIC        _UART_WRITE_TEXT
  C:056DH         SYMBOL        ?C0002
  C:03E3H         SYMBOL        ?C0005
  C:03FFH         SYMBOL        ?C0007
  D:004DH         SYMBOL        ?_UART_WRITE_TEXT?BYTE
  B:00D0H.6       SYMBOL        AC
  D:00E0H         SYMBOL        ACC
  B:0090H.3       SYMBOL        ADC0804_CS
BL51 BANKED LINKER/LOCATER V6.22.2.0                                                  03/15/2022  22:42:28  PAGE 19


  B:0090H.6       SYMBOL        ADC0804_INTR
  B:0090H.4       SYMBOL        ADC0804_RD
  B:0090H.5       SYMBOL        ADC0804_WR
  D:00F0H         SYMBOL        B
  B:00D0H.7       SYMBOL        CY
  B:00B0H.4       SYMBOL        DHT11
  D:0083H         SYMBOL        DPH
  D:0082H         SYMBOL        DPL
  B:00A8H.7       SYMBOL        EA
  B:0090H.0       SYMBOL        EN
  B:00A8H.4       SYMBOL        ES
  B:00A8H.1       SYMBOL        ET0
  B:00A8H.3       SYMBOL        ET1
  B:00A8H.0       SYMBOL        EX0
  B:00A8H.2       SYMBOL        EX1
  B:00D0H.5       SYMBOL        F0
  D:00A8H         SYMBOL        IE
  B:0088H.1       SYMBOL        IE0
  B:0088H.3       SYMBOL        IE1
  B:00B0H.2       SYMBOL        INT0
  B:00B0H.3       SYMBOL        INT1
  B:00B0H.3       SYMBOL        INT_LCD
  D:00B8H         SYMBOL        IP
  B:0088H.0       SYMBOL        IT0
  B:0088H.2       SYMBOL        IT1
  B:00B0H.6       SYMBOL        LED_GPMY
  B:00B0H.7       SYMBOL        LED_LCD
  B:00B0H.5       SYMBOL        MQ05
  B:00D0H.2       SYMBOL        OV
  B:00D0H.0       SYMBOL        P
  D:0080H         SYMBOL        P0
  D:0090H         SYMBOL        P1
  D:00A0H         SYMBOL        P2
  D:00B0H         SYMBOL        P3
  D:0087H         SYMBOL        PCON
  B:00B8H.4       SYMBOL        PS
  D:00D0H         SYMBOL        PSW
  B:00B8H.1       SYMBOL        PT0
  B:00B8H.3       SYMBOL        PT1
  B:00B8H.0       SYMBOL        PX0
  B:00B8H.2       SYMBOL        PX1
  B:0098H.2       SYMBOL        RB8
  B:00B0H.7       SYMBOL        RD
  B:0098H.4       SYMBOL        REN
  B:0098H.0       SYMBOL        RI
  B:0090H.2       SYMBOL        RS
  B:00D0H.3       SYMBOL        RS0
  B:00D0H.4       SYMBOL        RS1
  B:0090H.1       SYMBOL        RW
  B:00B0H.0       SYMBOL        RXD
  D:0099H         SYMBOL        SBUF
  D:0098H         SYMBOL        SCON
  B:0098H.7       SYMBOL        SM0
  B:0098H.6       SYMBOL        SM1
  B:0098H.5       SYMBOL        SM2
  D:0081H         SYMBOL        SP
  D:004DH         SYMBOL        STR?241
BL51 BANKED LINKER/LOCATER V6.22.2.0                                                  03/15/2022  22:42:28  PAGE 20


  B:00B0H.4       SYMBOL        T0
  B:00B0H.5       SYMBOL        T1
  B:0098H.3       SYMBOL        TB8
  D:0088H         SYMBOL        TCON
  B:0088H.5       SYMBOL        TF0
  B:0088H.7       SYMBOL        TF1
  D:008CH         SYMBOL        TH0
  D:008DH         SYMBOL        TH1
  B:0098H.1       SYMBOL        TI
  D:008AH         SYMBOL        TL0
  D:008BH         SYMBOL        TL1
  D:0089H         SYMBOL        TMOD
  B:0088H.4       SYMBOL        TR0
  B:0088H.6       SYMBOL        TR1
  B:00B0H.1       SYMBOL        TXD
  N:0000H         SYMBOL        UART
  B:00B0H.0       SYMBOL        UART_RX
  B:00B0H.1       SYMBOL        UART_TX
  B:00B0H.6       SYMBOL        WR
  C:053EH         LINE#         117
  C:0540H         LINE#         118
  C:0542H         LINE#         121
  C:0545H         LINE#         124
  C:0548H         LINE#         127
  C:054AH         LINE#         130
  C:054CH         LINE#         133
  C:054EH         LINE#         136
  C:056DH         LINE#         151
  C:0570H         LINE#         154
  C:0572H         LINE#         157
  C:0574H         LINE#         160
  C:03DBH         LINE#         170
  C:03DDH         LINE#         171
  C:03DFH         LINE#         172
  C:03E1H         LINE#         178
  C:03E2H         LINE#         179
  C:03E3H         LINE#         183
  C:03E5H         LINE#         184
  C:03E7H         LINE#         185
  C:03E9H         LINE#         186
  C:03EBH         LINE#         187
  C:03EEH         LINE#         188
  C:03F1H         LINE#         189
  C:03F2H         LINE#         190
  C:03F3H         LINE#         191
  C:03F4H         LINE#         192
  C:03F6H         LINE#         193
  C:03F7H         LINE#         194
  C:03F9H         LINE#         199
  C:03FCH         LINE#         202
  C:03FDH         LINE#         205
  C:03FFH         LINE#         209
  C:057CH         LINE#         223
  C:057EH         LINE#         224
  C:057FH         LINE#         225
  C:0580H         LINE#         226
  C:0581H         LINE#         229
BL51 BANKED LINKER/LOCATER V6.22.2.0                                                  03/15/2022  22:42:28  PAGE 21


  C:0582H         LINE#         243
  C:0584H         LINE#         246
  C:0586H         LINE#         248
  -------         ENDMOD        UART

  -------         MODULE        INTERRUPT
  C:0575H         SEGMENT       ?PR?INT_INIT?INTERRUPT
  C:0575H         PUBLIC        INT_INIT
  B:00D0H.6       SYMBOL        AC
  D:00E0H         SYMBOL        ACC
  B:0090H.3       SYMBOL        ADC0804_CS
  B:0090H.6       SYMBOL        ADC0804_INTR
  B:0090H.4       SYMBOL        ADC0804_RD
  B:0090H.5       SYMBOL        ADC0804_WR
  D:00F0H         SYMBOL        B
  B:00D0H.7       SYMBOL        CY
  B:00B0H.4       SYMBOL        DHT11
  D:0083H         SYMBOL        DPH
  D:0082H         SYMBOL        DPL
  B:00A8H.7       SYMBOL        EA
  B:0090H.0       SYMBOL        EN
  B:00A8H.4       SYMBOL        ES
  B:00A8H.1       SYMBOL        ET0
  B:00A8H.3       SYMBOL        ET1
  B:00A8H.0       SYMBOL        EX0
  B:00A8H.2       SYMBOL        EX1
  B:00D0H.5       SYMBOL        F0
  D:00A8H         SYMBOL        IE
  B:0088H.1       SYMBOL        IE0
  B:0088H.3       SYMBOL        IE1
  B:00B0H.2       SYMBOL        INT0
  B:00B0H.3       SYMBOL        INT1
  N:0000H         SYMBOL        INTERRUPT
  B:00B0H.3       SYMBOL        INT_LCD
  D:00B8H         SYMBOL        IP
  B:0088H.0       SYMBOL        IT0
  B:0088H.2       SYMBOL        IT1
  B:00B0H.6       SYMBOL        LED_GPMY
  B:00B0H.7       SYMBOL        LED_LCD
  B:00B0H.5       SYMBOL        MQ05
  B:00D0H.2       SYMBOL        OV
  B:00D0H.0       SYMBOL        P
  D:0080H         SYMBOL        P0
  D:0090H         SYMBOL        P1
  D:00A0H         SYMBOL        P2
  D:00B0H         SYMBOL        P3
  D:0087H         SYMBOL        PCON
  B:00B8H.4       SYMBOL        PS
  D:00D0H         SYMBOL        PSW
  B:00B8H.1       SYMBOL        PT0
  B:00B8H.3       SYMBOL        PT1
  B:00B8H.0       SYMBOL        PX0
  B:00B8H.2       SYMBOL        PX1
  B:0098H.2       SYMBOL        RB8
  B:00B0H.7       SYMBOL        RD
  B:0098H.4       SYMBOL        REN
  B:0098H.0       SYMBOL        RI
BL51 BANKED LINKER/LOCATER V6.22.2.0                                                  03/15/2022  22:42:28  PAGE 22


  B:0090H.2       SYMBOL        RS
  B:00D0H.3       SYMBOL        RS0
  B:00D0H.4       SYMBOL        RS1
  B:0090H.1       SYMBOL        RW
  B:00B0H.0       SYMBOL        RXD
  D:0099H         SYMBOL        SBUF
  D:0098H         SYMBOL        SCON
  B:0098H.7       SYMBOL        SM0
  B:0098H.6       SYMBOL        SM1
  B:0098H.5       SYMBOL        SM2
  D:0081H         SYMBOL        SP
  B:00B0H.4       SYMBOL        T0
  B:00B0H.5       SYMBOL        T1
  B:0098H.3       SYMBOL        TB8
  D:0088H         SYMBOL        TCON
  B:0088H.5       SYMBOL        TF0
  B:0088H.7       SYMBOL        TF1
  D:008CH         SYMBOL        TH0
  D:008DH         SYMBOL        TH1
  B:0098H.1       SYMBOL        TI
  D:008AH         SYMBOL        TL0
  D:008BH         SYMBOL        TL1
  D:0089H         SYMBOL        TMOD
  B:0088H.4       SYMBOL        TR0
  B:0088H.6       SYMBOL        TR1
  B:00B0H.1       SYMBOL        TXD
  B:00B0H.0       SYMBOL        UART_RX
  B:00B0H.1       SYMBOL        UART_TX
  B:00B0H.6       SYMBOL        WR
  C:0575H         LINE#         101
  C:0577H         LINE#         104
  C:0579H         LINE#         107
  C:057BH         LINE#         109
  -------         ENDMOD        INTERRUPT

  -------         MODULE        ?C_STARTUP
  C:054FH         SEGMENT       ?C_C51STARTUP
  I:0050H         SEGMENT       ?STACK
  C:0000H         PUBLIC        ?C_STARTUP
  D:00E0H         SYMBOL        ACC
  D:00F0H         SYMBOL        B
  D:0083H         SYMBOL        DPH
  D:0082H         SYMBOL        DPL
  N:0000H         SYMBOL        IBPSTACK
  N:0100H         SYMBOL        IBPSTACKTOP
  N:0080H         SYMBOL        IDATALEN
  C:0552H         SYMBOL        IDATALOOP
  N:0000H         SYMBOL        PBPSTACK
  N:0100H         SYMBOL        PBPSTACKTOP
  N:0000H         SYMBOL        PDATALEN
  N:0000H         SYMBOL        PDATASTART
  N:0000H         SYMBOL        PPAGE
  N:0000H         SYMBOL        PPAGEENABLE
  D:00A0H         SYMBOL        PPAGE_SFR
  D:0081H         SYMBOL        SP
  C:054FH         SYMBOL        STARTUP1
  N:0000H         SYMBOL        XBPSTACK
BL51 BANKED LINKER/LOCATER V6.22.2.0                                                  03/15/2022  22:42:28  PAGE 23


  N:0000H         SYMBOL        XBPSTACKTOP
  N:0000H         SYMBOL        XDATALEN
  N:0000H         SYMBOL        XDATASTART
  C:0000H         LINE#         126
  C:054FH         LINE#         133
  C:0551H         LINE#         134
  C:0552H         LINE#         135
  C:0553H         LINE#         136
  C:0555H         LINE#         185
  C:0558H         LINE#         196
  -------         ENDMOD        ?C_STARTUP

  -------         MODULE        ?C?CLDPTR
  C:0016H         PUBLIC        ?C?CLDPTR
  -------         ENDMOD        ?C?CLDPTR

  -------         MODULE        ?C?CLDOPTR
  C:002FH         PUBLIC        ?C?CLDOPTR
  -------         ENDMOD        ?C?CLDOPTR

  -------         MODULE        ?C?CSTPTR
  C:005CH         PUBLIC        ?C?CSTPTR
  -------         ENDMOD        ?C?CSTPTR

  -------         MODULE        ?C?CSTOPTR
  C:006EH         PUBLIC        ?C?CSTOPTR
  -------         ENDMOD        ?C?CSTOPTR

  -------         MODULE        ?C?SIDIV
  C:0090H         PUBLIC        ?C?SIDIV
  -------         ENDMOD        ?C?SIDIV

  -------         MODULE        STRLEN
  C:0490H         PUBLIC        _STRLEN
  -------         ENDMOD        STRLEN

  -------         MODULE        ?C?UIDIV
  C:00C6H         PUBLIC        ?C?UIDIV
  -------         ENDMOD        ?C?UIDIV

  -------         MODULE        ADC0804
  C:0003H         SEGMENT       ?PR?ADC0804_READ?ADC0804
  C:0003H         PUBLIC        ADC0804_READ
  C:0009H         SYMBOL        ?C0001
  B:00D0H.6       SYMBOL        AC
  D:00E0H         SYMBOL        ACC
  N:0000H         SYMBOL        ADC0804
  B:0090H.3       SYMBOL        ADC0804_CS
  B:0090H.6       SYMBOL        ADC0804_INTR
  B:0090H.4       SYMBOL        ADC0804_RD
  B:0090H.5       SYMBOL        ADC0804_WR
  D:00F0H         SYMBOL        B
  B:00D0H.7       SYMBOL        CY
  B:00B0H.4       SYMBOL        DHT11
  D:0083H         SYMBOL        DPH
  D:0082H         SYMBOL        DPL
  B:00A8H.7       SYMBOL        EA
BL51 BANKED LINKER/LOCATER V6.22.2.0                                                  03/15/2022  22:42:28  PAGE 24


  B:0090H.0       SYMBOL        EN
  B:00A8H.4       SYMBOL        ES
  B:00A8H.1       SYMBOL        ET0
  B:00A8H.3       SYMBOL        ET1
  B:00A8H.0       SYMBOL        EX0
  B:00A8H.2       SYMBOL        EX1
  B:00D0H.5       SYMBOL        F0
  D:00A8H         SYMBOL        IE
  B:0088H.1       SYMBOL        IE0
  B:0088H.3       SYMBOL        IE1
  B:00B0H.2       SYMBOL        INT0
  B:00B0H.3       SYMBOL        INT1
  B:00B0H.3       SYMBOL        INT_LCD
  D:00B8H         SYMBOL        IP
  B:0088H.0       SYMBOL        IT0
  B:0088H.2       SYMBOL        IT1
  B:00B0H.6       SYMBOL        LED_GPMY
  B:00B0H.7       SYMBOL        LED_LCD
  B:00B0H.5       SYMBOL        MQ05
  B:00D0H.2       SYMBOL        OV
  B:00D0H.0       SYMBOL        P
  D:0080H         SYMBOL        P0
  D:0090H         SYMBOL        P1
  D:00A0H         SYMBOL        P2
  D:00B0H         SYMBOL        P3
  D:0087H         SYMBOL        PCON
  B:00B8H.4       SYMBOL        PS
  D:00D0H         SYMBOL        PSW
  B:00B8H.1       SYMBOL        PT0
  B:00B8H.3       SYMBOL        PT1
  B:00B8H.0       SYMBOL        PX0
  B:00B8H.2       SYMBOL        PX1
  B:0098H.2       SYMBOL        RB8
  B:00B0H.7       SYMBOL        RD
  B:0098H.4       SYMBOL        REN
  B:0098H.0       SYMBOL        RI
  B:0090H.2       SYMBOL        RS
  B:00D0H.3       SYMBOL        RS0
  B:00D0H.4       SYMBOL        RS1
  B:0090H.1       SYMBOL        RW
  B:00B0H.0       SYMBOL        RXD
  D:0099H         SYMBOL        SBUF
  D:0098H         SYMBOL        SCON
  B:0098H.7       SYMBOL        SM0
  B:0098H.6       SYMBOL        SM1
  B:0098H.5       SYMBOL        SM2
  D:0081H         SYMBOL        SP
  B:00B0H.4       SYMBOL        T0
  B:00B0H.5       SYMBOL        T1
  B:0098H.3       SYMBOL        TB8
  D:0088H         SYMBOL        TCON
  B:0088H.5       SYMBOL        TF0
  B:0088H.7       SYMBOL        TF1
  D:008CH         SYMBOL        TH0
  D:008DH         SYMBOL        TH1
  B:0098H.1       SYMBOL        TI
  D:008AH         SYMBOL        TL0
BL51 BANKED LINKER/LOCATER V6.22.2.0                                                  03/15/2022  22:42:28  PAGE 25


  D:008BH         SYMBOL        TL1
  D:0089H         SYMBOL        TMOD
  B:0088H.4       SYMBOL        TR0
  B:0088H.6       SYMBOL        TR1
  B:00B0H.1       SYMBOL        TXD
  B:00B0H.0       SYMBOL        UART_RX
  B:00B0H.1       SYMBOL        UART_TX
  B:00B0H.6       SYMBOL        WR
  C:0003H         LINE#         104
  C:0005H         LINE#         109
  C:0007H         LINE#         112
  C:0009H         LINE#         118
  C:000CH         LINE#         123
  C:000EH         LINE#         127
  C:0010H         LINE#         130
  C:0012H         LINE#         136
  -------         ENDMOD        ADC0804

Program Size: data=81.0 xdata=0 code=1415
LINK/LOCATE RUN COMPLETE.  0 WARNING(S),  0 ERROR(S)
